RAM Allocation
Variable                                                          Address   Size
--------------------------------------------------------------------------------
degchar                                                           0x0160       7
rpmchar                                                           0x0167       7
rpm                                                               0x016E       4
freq                                                              0x0172       2
twi_tx_index                                                      0x0174       1
twi_rx_index                                                      0x0175       1
twi_result                                                        0x0176       1
twi_rx_buffer                                                     0x0177      32
twi_tx_buffer                                                     0x0197      32
_seed                                                             0x01B7       4
slave_address                                                     0x01BB       1
twi_tx_buffer                                                     0x01BC       2
bytes_to_tx                                                       0x01BE       1
twi_rx_buffer                                                     0x01BF       2
bytes_to_rx                                                       0x01C1       1
twi_rx_buffer_size                                                0x01C2       1
twi_slave_rx_handler                                              0x01C3       2
twi_slave_tx_handler                                              0x01C5       2

EEPROM Allocation
Variable                                                          Address   Size
--------------------------------------------------------------------------------

Register Allocation
Variable                                                          Register  Size
--------------------------------------------------------------------------------
STEP                                                              R4,R5        2
RES                                                               R6,R7        2
i                                                                 R8,R9        2
c                                                                 R10,R11      2
deg                                                               R12,R13      2
twi_flag                                                          R2.0      1bit
twi_ready                                                         R2.1      1bit
